Copyright 1986-2022 Xilinx, Inc. All Rights Reserved. Copyright 2022-2025 Advanced Micro Devices, Inc. All Rights Reserved.
---------------------------------------------------------------------------------------------------------------------------------------------
| Tool Version : Vivado v.2025.2 (win64) Build 6299465 Fri Nov 14 19:35:11 GMT 2025
| Date         : Fri Jul 31 16:51:22 2026
| Host         : Ngoclaptop running 64-bit major release  (build 9200)
| Command      : report_utilization -file rv32i_bd_wrapper_utilization_placed.rpt -pb rv32i_bd_wrapper_utilization_placed.pb
| Design       : rv32i_bd_wrapper
| Device       : xczu7ev-ffvc1156-2-e
| Speed File   : -2
| Design State : Fully Placed
---------------------------------------------------------------------------------------------------------------------------------------------

Utilization Design Information

Table of Contents
-----------------
1. CLB Logic
1.1 Summary of Registers by Type
2. CLB Logic Distribution
3. BLOCKRAM
4. ARITHMETIC
5. I/O
6. CLOCK
7. ADVANCED
8. CONFIGURATION
9. Primitives
10. Black Boxes
11. Instantiated Netlists

1. CLB Logic
------------

+----------------------------+------+-------+------------+-----------+-------+
|          Site Type         | Used | Fixed | Prohibited | Available | Util% |
+----------------------------+------+-------+------------+-----------+-------+
| CLB LUTs                   | 4337 |     0 |          0 |    230400 |  1.88 |
|   LUT as Logic             | 4080 |     0 |          0 |    230400 |  1.77 |
|   LUT as Memory            |  257 |     0 |          0 |    101760 |  0.25 |
|     LUT as Distributed RAM |  224 |     0 |            |           |       |
|     LUT as Shift Register  |   33 |     0 |            |           |       |
| CLB Registers              | 4905 |     0 |          0 |    460800 |  1.06 |
|   Register as Flip Flop    | 4905 |     0 |          0 |    460800 |  1.06 |
|   Register as Latch        |    0 |     0 |          0 |    460800 |  0.00 |
| CARRY8                     |   57 |     0 |          0 |     28800 |  0.20 |
| F7 Muxes                   |    2 |     0 |          0 |    115200 | <0.01 |
| F8 Muxes                   |    0 |     0 |          0 |     57600 |  0.00 |
| F9 Muxes                   |    0 |     0 |          0 |     28800 |  0.00 |
| Unique Control Sets        |  311 |       |          0 |     57600 |  0.54 |
+----------------------------+------+-------+------------+-----------+-------+
* Warning! LUT value is adjusted to account for LUT combining.
** Note: Available Control Sets calculated as Slices * 2, Review the Control Sets Report for more information regarding control sets.


1.1 Summary of Registers by Type
--------------------------------

+-------+--------------+-------------+--------------+
| Total | Clock Enable | Synchronous | Asynchronous |
+-------+--------------+-------------+--------------+
| 0     |            _ |           - |            - |
| 0     |            _ |           - |          Set |
| 0     |            _ |           - |        Reset |
| 0     |            _ |         Set |            - |
| 0     |            _ |       Reset |            - |
| 0     |          Yes |           - |            - |
| 54    |          Yes |           - |          Set |
| 1869  |          Yes |           - |        Reset |
| 120   |          Yes |         Set |            - |
| 2862  |          Yes |       Reset |            - |
+-------+--------------+-------------+--------------+


2. CLB Logic Distribution
-------------------------

+--------------------------------------------+------+-------+------------+-----------+-------+
|                  Site Type                 | Used | Fixed | Prohibited | Available | Util% |
+--------------------------------------------+------+-------+------------+-----------+-------+
| CLB                                        | 1002 |     0 |          0 |     28800 |  3.48 |
|   CLBL                                     |  720 |     0 |            |           |       |
|   CLBM                                     |  282 |     0 |            |           |       |
| LUT as Logic                               | 4080 |     0 |          0 |    230400 |  1.77 |
|   using O5 output only                     |  127 |       |            |           |       |
|   using O6 output only                     | 2672 |       |            |           |       |
|   using O5 and O6                          | 1281 |       |            |           |       |
| LUT as Memory                              |  257 |     0 |          0 |    101760 |  0.25 |
|   LUT as Distributed RAM                   |  224 |     0 |            |           |       |
|     using O5 output only                   |    0 |       |            |           |       |
|     using O6 output only                   |  164 |       |            |           |       |
|     using O5 and O6                        |   60 |       |            |           |       |
|   LUT as Shift Register                    |   33 |     0 |            |           |       |
|     using O5 output only                   |    0 |       |            |           |       |
|     using O6 output only                   |   33 |       |            |           |       |
|     using O5 and O6                        |    0 |       |            |           |       |
| CLB Registers                              | 4905 |     0 |          0 |    460800 |  1.06 |
|   Register driven from within the CLB      | 2734 |       |            |           |       |
|   Register driven from outside the CLB     | 2171 |       |            |           |       |
|     LUT in front of the register is unused | 1826 |       |            |           |       |
|     LUT in front of the register is used   |  345 |       |            |           |       |
+--------------------------------------------+------+-------+------------+-----------+-------+


3. BLOCKRAM
-----------

+-------------------+------+-------+------------+-----------+-------+
|     Site Type     | Used | Fixed | Prohibited | Available | Util% |
+-------------------+------+-------+------------+-----------+-------+
| Block RAM Tile    |  6.5 |     0 |          0 |       312 |  2.08 |
|   RAMB36/FIFO*    |    6 |     0 |          0 |       312 |  1.92 |
|     RAMB36E2 only |    6 |       |            |           |       |
|   RAMB18          |    1 |     0 |          0 |       624 |  0.16 |
|     RAMB18E2 only |    1 |       |            |           |       |
| URAM              |    0 |     0 |          0 |        96 |  0.00 |
+-------------------+------+-------+------------+-----------+-------+
* Note: Each Block RAM Tile only has one FIFO logic available and therefore can accommodate only one FIFO36E2 or one FIFO18E2. However, if a FIFO18E2 occupies a Block RAM Tile, that tile can still accommodate a RAMB18E2


4. ARITHMETIC
-------------

+-----------+------+-------+------------+-----------+-------+
| Site Type | Used | Fixed | Prohibited | Available | Util% |
+-----------+------+-------+------------+-----------+-------+
| DSPs      |    0 |     0 |          0 |      1728 |  0.00 |
+-----------+------+-------+------------+-----------+-------+


5. I/O
------

+------------------+------+-------+------------+-----------+-------+
|     Site Type    | Used | Fixed | Prohibited | Available | Util% |
+------------------+------+-------+------------+-----------+-------+
| Bonded IOB       |    9 |     9 |          0 |       360 |  2.50 |
|   HPIOB_M        |    4 |     4 |          0 |       144 |  2.78 |
|     INPUT        |    1 |       |            |           |       |
|     OUTPUT       |    3 |       |            |           |       |
|     BIDIR        |    0 |       |            |           |       |
|   HPIOB_S        |    3 |     3 |          0 |       144 |  2.08 |
|     INPUT        |    2 |       |            |           |       |
|     OUTPUT       |    1 |       |            |           |       |
|     BIDIR        |    0 |       |            |           |       |
|   HDIOB_M        |    0 |     0 |          0 |        24 |  0.00 |
|   HDIOB_S        |    0 |     0 |          0 |        24 |  0.00 |
|   HPIOB_SNGL     |    2 |     2 |          0 |        24 |  8.33 |
|     INPUT        |    1 |       |            |           |       |
|     OUTPUT       |    1 |       |            |           |       |
|     BIDIR        |    0 |       |            |           |       |
| HPIOBDIFFINBUF   |    1 |     1 |          0 |       192 |  0.52 |
|   DIFFINBUF      |    1 |     1 |            |           |       |
| HPIOBDIFFOUTBUF  |    0 |     0 |          0 |       192 |  0.00 |
| HDIOBDIFFINBUF   |    0 |     0 |          0 |        48 |  0.00 |
| BITSLICE_CONTROL |    0 |     0 |          0 |        64 |  0.00 |
| BITSLICE_RX_TX   |    0 |     0 |          0 |      2496 |  0.00 |
| BITSLICE_TX      |    0 |     0 |          0 |        64 |  0.00 |
| RIU_OR           |    0 |     0 |          0 |        32 |  0.00 |
+------------------+------+-------+------------+-----------+-------+


6. CLOCK
--------

+------------+------+-------+------------+-----------+-------+
|  Site Type | Used | Fixed | Prohibited | Available | Util% |
+------------+------+-------+------------+-----------+-------+
| BUFGCE     |    3 |     0 |          0 |       208 |  1.44 |
| BUFGCE_DIV |    0 |     0 |          0 |        32 |  0.00 |
| BUFG_GT    |    0 |     0 |          0 |       144 |  0.00 |
| BUFG_PS    |    0 |     0 |          0 |        96 |  0.00 |
| BUFGCTRL*  |    0 |     0 |          0 |        64 |  0.00 |
| PLL        |    1 |     0 |          0 |        16 |  6.25 |
| MMCM       |    0 |     0 |          0 |         8 |  0.00 |
+------------+------+-------+------------+-----------+-------+
* Note: Each used BUFGCTRL counts as two GLOBAL CLOCK BUFFERs. This table does not include global clocking resources, only buffer cell usage. See the Clock Utilization Report (report_clock_utilization) for detailed accounting of global clocking resource availability.


7. ADVANCED
-----------

+-----------------+------+-------+------------+-----------+-------+
|    Site Type    | Used | Fixed | Prohibited | Available | Util% |
+-----------------+------+-------+------------+-----------+-------+
| GTHE4_CHANNEL   |    0 |     0 |          0 |        20 |  0.00 |
| GTHE4_COMMON    |    0 |     0 |          0 |         5 |  0.00 |
| OBUFDS_GTE4     |    0 |     0 |          0 |        10 |  0.00 |
| OBUFDS_GTE4_ADV |    0 |     0 |          0 |        10 |  0.00 |
| PCIE40E4        |    0 |     0 |          0 |         2 |  0.00 |
| PS8             |    0 |     0 |          0 |         1 |  0.00 |
| SYSMONE4        |    0 |     0 |          0 |         1 |  0.00 |
| VCU             |    0 |     0 |          0 |         1 |  0.00 |
+-----------------+------+-------+------------+-----------+-------+


8. CONFIGURATION
----------------

+-------------+------+-------+------------+-----------+-------+
|  Site Type  | Used | Fixed | Prohibited | Available | Util% |
+-------------+------+-------+------------+-----------+-------+
| BSCANE2     |    1 |     0 |          0 |         4 | 25.00 |
| DNA_PORTE2  |    0 |     0 |          0 |         1 |  0.00 |
| EFUSE_USR   |    0 |     0 |          0 |         1 |  0.00 |
| FRAME_ECCE4 |    0 |     0 |          0 |         1 |  0.00 |
| ICAPE3      |    0 |     0 |          0 |         2 |  0.00 |
| MASTER_JTAG |    0 |     0 |          0 |         1 |  0.00 |
| STARTUPE3   |    0 |     0 |          0 |         1 |  0.00 |
+-------------+------+-------+------------+-----------+-------+


9. Primitives
-------------

+-----------+------+---------------------+
|  Ref Name | Used | Functional Category |
+-----------+------+---------------------+
| FDRE      | 2862 |            Register |
| FDCE      | 1869 |            Register |
| LUT6      | 1341 |                 CLB |
| LUT2      | 1189 |                 CLB |
| LUT4      |  936 |                 CLB |
| LUT3      |  871 |                 CLB |
| LUT5      |  828 |                 CLB |
| LUT1      |  196 |                 CLB |
| RAMD64E   |  160 |                 CLB |
| FDSE      |  120 |            Register |
| RAMD32    |  108 |                 CLB |
| CARRY8    |   57 |                 CLB |
| FDPE      |   54 |            Register |
| SRL16E    |   33 |                 CLB |
| RAMS32    |   16 |                 CLB |
| RAMB36E2  |    6 |            BLOCKRAM |
| OBUF      |    5 |                 I/O |
| IBUFCTRL  |    3 |              Others |
| BUFGCE    |    3 |               Clock |
| MUXF7     |    2 |                 CLB |
| INBUF     |    2 |                 I/O |
| RAMB18E2  |    1 |            BLOCKRAM |
| PLLE4_ADV |    1 |               Clock |
| DIFFINBUF |    1 |                 I/O |
| BSCANE2   |    1 |       Configuration |
+-----------+------+---------------------+


10. Black Boxes
---------------

+----------+------+
| Ref Name | Used |
+----------+------+


11. Instantiated Netlists
-------------------------

+-----------------------------------+------+
|              Ref Name             | Used |
+-----------------------------------+------+
| rv32i_bd_smartconnect_0_0         |    1 |
| rv32i_bd_rv32i_axi_integratio_0_2 |    1 |
| rv32i_bd_proc_sys_reset_0_0       |    1 |
| rv32i_bd_jtag_axi_0_0             |    1 |
| rv32i_bd_clk_wiz_1_0              |    1 |
| rv32i_bd_blk_mem_gen_0_1          |    1 |
| rv32i_bd_blk_mem_gen_0_0          |    1 |
| rv32i_bd_axi_uartlite_0_0         |    1 |
| rv32i_bd_axi_intc_0_0             |    1 |
| rv32i_bd_axi_bram_ctrl_0_1        |    1 |
| rv32i_bd_axi_bram_ctrl_0_0        |    1 |
| dbg_hub                           |    1 |
+-----------------------------------+------+


